\"Testing button click\" 
